// Jest Snapshot v1, https://goo.gl/fbAQLP

exports[`Amphora add should update jwks when adding key 1`] = `
{
  "keys": [
    {
      "alg": "RS512",
      "e": "AQAB",
      "exp": 1717200000,
      "iat": 1704067560,
      "iss": "https://test.lindorm.io/",
      "jku": "https://test.lindorm.io/.well-known/jwks.json",
      "key_ops": [
        "sign",
        "verify",
      ],
      "kid": "aaac22b3-2253-5598-8e0c-1733fc748122",
      "kty": "RSA",
      "n": "7cxLHoxaHdYU8EX2ij5m42XIQYWBUxKMOfVbV2OX0nNHEdojXfRfONvrAHwsvRqcdN44yv1E1be18qs5HRB67D3qLeRjXcjegdjWvQj66IFVZIxQHNJ-LXDbAYs7gez8RYbBObnDzfrqy9vIPZet1tbqvlxv9aTR38x3ORJ4Y6Ym9StbKOUIo7BLIvoc1M5uNUIEnFKKZhbmVR423-F50w_E0618KExZgeur_8cMsSWZxyl0oeSI-rIodjfVJbshT1yy98zKRj-mMnyPKgHQARr9SwDA5Xlt9L2fVZ72xgwaPOBUgFoDTPQsqQ3Rkj7nYUSqwQVEL0-oH2K7U3OeGeKyIQMNzRdSfYMw3gSc5dtwqX64oK33lN2jzTKa0clSZjqJ4jzUL1YrXMddF07dMQqjN2mGjeZVy5LaO4B58Y5l-kO01KdwA-_LcDhkNgbKiZMZVtNPlVkR3nCvInt5cqPOqMOcLW3oA1wmh7zauWqorklpSSs75zw8ETtzATSJv8h7kUG9Bl1QQgdBkGqKb4ZG-r5Bj6pwJrHVmgPSMowP8P9G13iQLFdKX714A3DMKDc03TJvs2yVK81YUCtO5aRdwb0q0YcFqn9BHI3cmO-kOhXquMakPQ3zW_FBSnIeBhJMObCQOmYEuZxrifMcCQTY7j5jsP962e7ZPn53STc",
      "nbf": 1672534800,
      "uat": 1704095940,
      "use": "sig",
    },
    {
      "alg": "EdDSA",
      "crv": "Ed25519",
      "exp": 1717200000,
      "iat": 1704067500,
      "iss": "https://test.lindorm.io/",
      "jku": "https://test.lindorm.io/.well-known/jwks.json",
      "key_ops": [
        "sign",
        "verify",
      ],
      "kid": "2fa52a91-7f63-5731-a55d-30d36350c642",
      "kty": "OKP",
      "nbf": 1672534800,
      "uat": 1704095940,
      "use": "sig",
      "x": "GRCwCA6lChosFGMQwxGiHCdzblfvCz0FNiRtTnm1qqc",
    },
    {
      "alg": "ES512",
      "crv": "P-521",
      "exp": 1717200000,
      "iat": 1704067260,
      "iss": "https://test.lindorm.io/",
      "jku": "https://test.lindorm.io/.well-known/jwks.json",
      "key_ops": [
        "sign",
        "verify",
      ],
      "kid": "b9e7bb4d-d332-55d2-9b33-f990ff7db4c7",
      "kty": "EC",
      "nbf": 1672534800,
      "uat": 1704095940,
      "use": "sig",
      "x": "AI3Y8hWlFN19cuY3GSDwGTabmd62piw1bYt5-GSWvaN8mJVQlQM-hmgZ9psbMcSCwqM_YdFs-wQj-00PfHg31VbR",
      "y": "AAgPZRhdrsY3SLMdYgVF2NVi5Hn7SPLAW136j83Y852u-VXzG6Z1Ur5OJI8Qh18qgv8i7R7sgpOwmyP5SYTysMmf",
    },
  ],
}
`;

exports[`Amphora external config should add external config and find jwks 1`] = `
[
  {
    "issuer": "https://external.lindorm.io/",
    "jwksUri": "https://external.lindorm.io/.well-known/jwks.json",
  },
  {
    "authorizationEndpoint": "https://lindorm.eu.auth0.com/authorize",
    "claimsSupported": [
      "aud",
      "auth_time",
      "created_at",
      "email",
      "email_verified",
      "exp",
      "family_name",
      "given_name",
      "iat",
      "identities",
      "iss",
      "name",
      "nickname",
      "phone_number",
      "picture",
      "sub",
    ],
    "codeChallengeMethodsSupported": [
      "S256",
      "plain",
    ],
    "deviceAuthorizationEndpoint": "https://lindorm.eu.auth0.com/oauth/device/code",
    "idTokenSigningAlgValuesSupported": [
      "HS256",
      "RS256",
      "PS256",
    ],
    "issuer": "https://lindorm.eu.auth0.com/",
    "jwksUri": "https://lindorm.eu.auth0.com/.well-known/jwks.json",
    "mfaChallengeEndpoint": "https://lindorm.eu.auth0.com/mfa/challenge",
    "registrationEndpoint": "https://lindorm.eu.auth0.com/oidc/register",
    "requestParameterSupported": false,
    "requestUriParameterSupported": false,
    "responseModesSupported": [
      "query",
      "fragment",
      "form_post",
    ],
    "responseTypesSupported": [
      "code",
      "token",
      "id_token",
      "code token",
      "code id_token",
      "token id_token",
      "code token id_token",
    ],
    "revocationEndpoint": "https://lindorm.eu.auth0.com/oauth/revoke",
    "scopesSupported": [
      "openid",
      "profile",
      "offline_access",
      "name",
      "given_name",
      "family_name",
      "nickname",
      "email",
      "email_verified",
      "picture",
      "created_at",
      "identities",
      "phone",
      "address",
    ],
    "subjectTypesSupported": [
      "public",
    ],
    "tokenEndpoint": "https://lindorm.eu.auth0.com/oauth/token",
    "tokenEndpointAuthMethodsSupported": [
      "client_secret_basic",
      "client_secret_post",
      "private_key_jwt",
    ],
    "tokenEndpointAuthSigningAlgValuesSupported": [
      "RS256",
      "RS384",
      "PS256",
    ],
    "userinfoEndpoint": "https://lindorm.eu.auth0.com/userinfo",
  },
  {
    "authorizationEndpoint": "https://lindorm.eu.auth0.com/authorize",
    "claimsSupported": [
      "aud",
      "auth_time",
      "created_at",
      "email",
      "email_verified",
      "exp",
      "family_name",
      "given_name",
      "iat",
      "identities",
      "iss",
      "name",
      "nickname",
      "phone_number",
      "picture",
      "sub",
    ],
    "codeChallengeMethodsSupported": [
      "S256",
      "plain",
    ],
    "deviceAuthorizationEndpoint": "https://lindorm.eu.auth0.com/oauth/device/code",
    "idTokenSigningAlgValuesSupported": [
      "HS256",
      "RS256",
      "PS256",
    ],
    "issuer": "https://lindorm.jp.auth0.io/",
    "jwksUri": "https://lindorm.jp.auth0.com/.well-known/jwks.json",
    "mfaChallengeEndpoint": "https://lindorm.eu.auth0.com/mfa/challenge",
    "registrationEndpoint": "https://lindorm.eu.auth0.com/oidc/register",
    "requestParameterSupported": false,
    "requestUriParameterSupported": false,
    "responseModesSupported": [
      "query",
      "fragment",
      "form_post",
    ],
    "responseTypesSupported": [
      "code",
      "token",
      "id_token",
      "code token",
      "code id_token",
      "token id_token",
      "code token id_token",
    ],
    "revocationEndpoint": "https://lindorm.eu.auth0.com/oauth/revoke",
    "scopesSupported": [
      "openid",
      "profile",
      "offline_access",
      "name",
      "given_name",
      "family_name",
      "nickname",
      "email",
      "email_verified",
      "picture",
      "created_at",
      "identities",
      "phone",
      "address",
    ],
    "subjectTypesSupported": [
      "public",
    ],
    "tokenEndpoint": "https://lindorm.eu.auth0.com/oauth/token",
    "tokenEndpointAuthMethodsSupported": [
      "client_secret_basic",
      "client_secret_post",
      "private_key_jwt",
    ],
    "tokenEndpointAuthSigningAlgValuesSupported": [
      "RS256",
      "RS384",
      "PS256",
    ],
    "userinfoEndpoint": "https://lindorm.eu.auth0.com/userinfo",
  },
]
`;
