// Jest Snapshot v1, https://goo.gl/fbAQLP

exports[`AggregateCommandHandler Decorator should add metadata 1`] = `
{
  "encryption": false,
  "handlers": [
    {
      "conditions": null,
      "decorator": "AggregateCommandHandler",
      "encryption": false,
      "handler": [Function],
      "key": "onTestAggregateDomainCommand",
      "schema": null,
      "target": [Function],
      "trigger": [Function],
    },
  ],
  "name": "test_aggregate_command_handler_aggregate",
  "namespace": null,
  "target": [Function],
}
`;

exports[`AggregateCommandHandler Decorator should add metadata with custom options 1`] = `
{
  "encryption": false,
  "handlers": [
    {
      "conditions": {
        "created": true,
      },
      "decorator": "AggregateCommandHandler",
      "encryption": true,
      "handler": [Function],
      "key": "onTestAggregateDomainCommand",
      "schema": ZodObject {
        "_cached": null,
        "_def": {
          "catchall": ZodNever {
            "_def": {
              "typeName": "ZodNever",
            },
            "and": [Function],
            "array": [Function],
            "brand": [Function],
            "catch": [Function],
            "default": [Function],
            "describe": [Function],
            "isNullable": [Function],
            "isOptional": [Function],
            "nullable": [Function],
            "nullish": [Function],
            "optional": [Function],
            "or": [Function],
            "parse": [Function],
            "parseAsync": [Function],
            "pipe": [Function],
            "promise": [Function],
            "readonly": [Function],
            "refine": [Function],
            "refinement": [Function],
            "safeParse": [Function],
            "safeParseAsync": [Function],
            "spa": [Function],
            "superRefine": [Function],
            "transform": [Function],
            "~standard": {
              "validate": [Function],
              "vendor": "zod",
              "version": 1,
            },
          },
          "shape": [Function],
          "typeName": "ZodObject",
          "unknownKeys": "strip",
        },
        "and": [Function],
        "array": [Function],
        "augment": [Function],
        "brand": [Function],
        "catch": [Function],
        "default": [Function],
        "describe": [Function],
        "isNullable": [Function],
        "isOptional": [Function],
        "nonstrict": [Function],
        "nullable": [Function],
        "nullish": [Function],
        "optional": [Function],
        "or": [Function],
        "parse": [Function],
        "parseAsync": [Function],
        "pipe": [Function],
        "promise": [Function],
        "readonly": [Function],
        "refine": [Function],
        "refinement": [Function],
        "safeParse": [Function],
        "safeParseAsync": [Function],
        "spa": [Function],
        "superRefine": [Function],
        "transform": [Function],
        "~standard": {
          "validate": [Function],
          "vendor": "zod",
          "version": 1,
        },
      },
      "target": [Function],
      "trigger": [Function],
    },
  ],
  "name": "test_aggregate_command_handler_aggregate",
  "namespace": null,
  "target": [Function],
}
`;
