// Jest Snapshot v1, https://goo.gl/fbAQLP

exports[`ViewIdHandler Decorator should add metadata 1`] = `
{
  "aggregates": [
    [Function],
  ],
  "handlers": [
    {
      "conditions": null,
      "decorator": "ViewIdHandler",
      "encryption": false,
      "handler": [Function],
      "key": "getIdTestViewIdentityHandlerEvent",
      "schema": null,
      "target": [Function],
      "trigger": [Function],
    },
  ],
  "name": "test_view_identity_handler_view",
  "namespace": null,
  "source": "mongo",
  "target": [Function],
}
`;
