// Jest Snapshot v1, https://goo.gl/fbAQLP

exports[`sortKeys should sort object keys alphabetically 1`] = `
{
  "a": 2,
  "b": 1,
  "d": {
    "a": 1,
    "c": 1,
    "f": {
      "g": 1,
      "h": 1,
      "i": 1,
    },
    "k": 1,
    "u": 1,
  },
  "e": 1,
  "z": 1,
}
`;
