// Jest Snapshot v1, https://goo.gl/fbAQLP

exports[`lowerCase should convert CONSTANT_CASE 1`] = `"constant case"`;

exports[`lowerCase should convert Capital Case 1`] = `"capital case"`;

exports[`lowerCase should convert PascalCase 1`] = `"pascal case"`;

exports[`lowerCase should convert Sentence case 1`] = `"sentence case"`;

exports[`lowerCase should convert array with objects 1`] = `
[
  {
    "camel case": true,
    "capital case": true,
    "constant case": true,
    "dot case": true,
    "kebab case": true,
    "lower case": true,
    "pascal case": true,
    "path case": true,
    "sentence case": true,
    "snake case": true,
  },
  {
    "camel case": true,
    "capital case": true,
    "constant case": true,
    "dot case": true,
    "kebab case": true,
    "lower case": true,
    "pascal case": true,
    "path case": true,
    "sentence case": true,
    "snake case": true,
  },
]
`;

exports[`lowerCase should convert array with strings 1`] = `
[
  "camel case",
  "capital case",
  "constant case",
  "dot case",
  "kebab case",
  "lower case",
  "pascal case",
  "path case",
  "sentence case",
  "snake case",
]
`;

exports[`lowerCase should convert camelCase 1`] = `"camel case"`;

exports[`lowerCase should convert dot.case 1`] = `"dot case"`;

exports[`lowerCase should convert kebab-case 1`] = `"kebab case"`;

exports[`lowerCase should convert lower case 1`] = `"lower case"`;

exports[`lowerCase should convert object keys 1`] = `
{
  "camel case": true,
  "capital case": true,
  "constant case": true,
  "dot case": true,
  "kebab case": true,
  "lower case": true,
  "pascal case": true,
  "path case": true,
  "sentence case": true,
  "snake case": true,
}
`;

exports[`lowerCase should convert path/case 1`] = `"path case"`;

exports[`lowerCase should convert snake_case 1`] = `"snake case"`;
