// Jest Snapshot v1, https://goo.gl/fbAQLP

exports[`pathCase should convert CONSTANT_CASE 1`] = `"constant/case"`;

exports[`pathCase should convert Capital Case 1`] = `"capital/case"`;

exports[`pathCase should convert PascalCase 1`] = `"pascal/case"`;

exports[`pathCase should convert Sentence case 1`] = `"sentence/case"`;

exports[`pathCase should convert array with objects 1`] = `
[
  {
    "camel/case": true,
    "capital/case": true,
    "constant/case": true,
    "dot/case": true,
    "kebab/case": true,
    "lower/case": true,
    "pascal/case": true,
    "path/case": true,
    "sentence/case": true,
    "snake/case": true,
  },
  {
    "camel/case": true,
    "capital/case": true,
    "constant/case": true,
    "dot/case": true,
    "kebab/case": true,
    "lower/case": true,
    "pascal/case": true,
    "path/case": true,
    "sentence/case": true,
    "snake/case": true,
  },
]
`;

exports[`pathCase should convert array with strings 1`] = `
[
  "camel/case",
  "capital/case",
  "constant/case",
  "dot/case",
  "kebab/case",
  "lower/case",
  "pascal/case",
  "path/case",
  "sentence/case",
  "snake/case",
]
`;

exports[`pathCase should convert camelCase 1`] = `"camel/case"`;

exports[`pathCase should convert dot.case 1`] = `"dot/case"`;

exports[`pathCase should convert kebab-case 1`] = `"kebab/case"`;

exports[`pathCase should convert lower case 1`] = `"lower/case"`;

exports[`pathCase should convert object keys 1`] = `
{
  "camel/case": true,
  "capital/case": true,
  "constant/case": true,
  "dot/case": true,
  "kebab/case": true,
  "lower/case": true,
  "pascal/case": true,
  "path/case": true,
  "sentence/case": true,
  "snake/case": true,
}
`;

exports[`pathCase should convert path/case 1`] = `"path/case"`;

exports[`pathCase should convert snake_case 1`] = `"snake/case"`;
