// Jest Snapshot v1, https://goo.gl/fbAQLP

exports[`Field Decorator should add metadata 1`] = `
{
  "fields": [
    {
      "decorator": "Field",
      "enum": null,
      "fallback": null,
      "key": "name",
      "max": null,
      "min": null,
      "nullable": true,
      "optional": false,
      "schema": null,
      "type": null,
    },
    {
      "decorator": "Field",
      "enum": null,
      "fallback": null,
      "key": "empty",
      "max": null,
      "min": null,
      "nullable": false,
      "optional": false,
      "schema": null,
      "type": "boolean",
    },
    {
      "decorator": "Field",
      "enum": null,
      "fallback": null,
      "key": "array",
      "max": null,
      "min": null,
      "nullable": false,
      "optional": false,
      "schema": null,
      "type": "array",
    },
    {
      "decorator": "Field",
      "enum": null,
      "fallback": null,
      "key": "boolean",
      "max": null,
      "min": null,
      "nullable": true,
      "optional": false,
      "schema": null,
      "type": "boolean",
    },
    {
      "decorator": "Field",
      "enum": null,
      "fallback": null,
      "key": "date",
      "max": null,
      "min": null,
      "nullable": false,
      "optional": false,
      "schema": null,
      "type": "date",
    },
    {
      "decorator": "Field",
      "enum": {
        "One": "1",
        "Two": "2",
      },
      "fallback": null,
      "key": "enum",
      "max": null,
      "min": null,
      "nullable": false,
      "optional": false,
      "schema": null,
      "type": "enum",
    },
  ],
  "generated": [],
  "hooks": [],
  "message": {
    "decorator": "Message",
    "name": "FieldDecoratorMessage",
    "namespace": null,
    "target": [Function],
    "topic": null,
  },
  "priority": undefined,
  "schema": undefined,
  "topic": undefined,
}
`;
