// Jest Snapshot v1, https://goo.gl/fbAQLP

exports[`OnValidate Decorator should add metadata 1`] = `
{
  "fields": [],
  "generated": [],
  "hooks": [
    {
      "callback": [Function],
      "decorator": "OnValidate",
    },
  ],
  "message": {
    "decorator": "Message",
    "name": null,
    "namespace": null,
    "topic": null,
  },
  "schemas": [],
}
`;
