// Jest Snapshot v1, https://goo.gl/fbAQLP

exports[`Generated Decorator should add metadata 1`] = `
{
  "columns": [
    {
      "decorator": "PrimaryKeyColumn",
      "enum": null,
      "fallback": [Function],
      "key": "id",
      "max": null,
      "min": null,
      "nullable": false,
      "optional": false,
      "readonly": true,
      "schema": null,
      "type": "uuid",
    },
    {
      "decorator": "Column",
      "enum": null,
      "fallback": null,
      "key": "one",
      "max": null,
      "min": null,
      "nullable": false,
      "optional": false,
      "readonly": false,
      "schema": null,
      "type": null,
    },
    {
      "decorator": "Column",
      "enum": null,
      "fallback": null,
      "key": "two",
      "max": null,
      "min": null,
      "nullable": false,
      "optional": false,
      "readonly": false,
      "schema": null,
      "type": null,
    },
    {
      "decorator": "Column",
      "enum": null,
      "fallback": null,
      "key": "three",
      "max": null,
      "min": null,
      "nullable": false,
      "optional": false,
      "readonly": false,
      "schema": null,
      "type": null,
    },
  ],
  "entity": {
    "cache": null,
    "database": null,
    "decorator": "Entity",
    "name": null,
    "namespace": null,
  },
  "extras": [],
  "generated": [
    {
      "key": "one",
      "length": null,
      "max": null,
      "min": null,
      "strategy": "increment",
    },
    {
      "key": "two",
      "length": null,
      "max": 4,
      "min": 4,
      "strategy": "integer",
    },
    {
      "key": "three",
      "length": 32,
      "max": null,
      "min": null,
      "strategy": "string",
    },
  ],
  "hooks": [],
  "indexes": [],
  "primaryKeys": [
    "id",
  ],
  "primarySource": null,
  "relations": [],
  "schemas": [],
}
`;
