// Jest Snapshot v1, https://goo.gl/fbAQLP

exports[`ScopeColumn Decorator should add metadata 1`] = `
{
  "columns": [
    {
      "decorator": "PrimaryKeyColumn",
      "enum": null,
      "fallback": [Function],
      "key": "id",
      "max": null,
      "min": null,
      "nullable": false,
      "optional": false,
      "readonly": true,
      "schema": null,
      "type": "uuid",
    },
    {
      "decorator": "ScopeColumn",
      "enum": null,
      "fallback": null,
      "key": "scope",
      "max": null,
      "min": 1,
      "nullable": false,
      "optional": false,
      "readonly": true,
      "schema": null,
      "type": "string",
    },
  ],
  "entity": {
    "cache": null,
    "database": null,
    "decorator": "Entity",
    "name": null,
    "namespace": null,
  },
  "extras": [],
  "generated": [],
  "hooks": [],
  "indexes": [],
  "primaryKeys": [
    "id",
  ],
  "primarySource": null,
  "schemas": [],
  "uniques": [],
}
`;
