// Jest Snapshot v1, https://goo.gl/fbAQLP

exports[`VersionStartDateColumn Decorator should add metadata 1`] = `
{
  "columns": [
    {
      "decorator": "PrimaryKeyColumn",
      "enum": null,
      "fallback": [Function],
      "key": "id",
      "max": null,
      "min": null,
      "nullable": false,
      "optional": false,
      "readonly": true,
      "schema": null,
      "type": "uuid",
    },
    {
      "decorator": "VersionStartDateColumn",
      "enum": null,
      "fallback": [Function],
      "key": "versionStartDate",
      "max": null,
      "min": null,
      "nullable": false,
      "optional": false,
      "readonly": true,
      "schema": null,
      "type": "date",
    },
  ],
  "entity": {
    "cache": null,
    "database": null,
    "decorator": "Entity",
    "name": null,
    "namespace": null,
  },
  "extras": [],
  "generated": [],
  "hooks": [],
  "indexes": [
    {
      "keys": [
        {
          "direction": "asc",
          "key": "id",
        },
        {
          "direction": "asc",
          "key": "versionStartDate",
        },
      ],
      "name": null,
      "options": {},
      "unique": false,
    },
  ],
  "primaryKeys": [
    "id",
  ],
  "primarySource": null,
  "relations": [],
  "schemas": [],
}
`;
